'Erdos745.WrapUp.Proofs.W12_NEAR.uniformCenterBound' depends on axioms: [propext, Classical.choice, Quot.sound]
'Erdos745.WrapUp.Proofs.Internal.W12_NEAR_Laws.super_center_bound' depends on axioms: [propext,
 Classical.choice,
 Quot.sound]
'Erdos745.WrapUp.Proofs.Internal.W12_NEAR_Laws.uniform_super_center_bound' depends on axioms: [propext,
 Classical.choice,
 Quot.sound]
'Erdos745.Palomar.sparseEvolution' depends on axioms: [propext, Classical.choice, Quot.sound]
'Erdos745.WrapUp.atlas' depends on axioms: [propext, Classical.choice, Quot.sound]
'Erdos745.WrapUp.Proofs.W01_ENUM.result' depends on axioms: [propext, Classical.choice, Quot.sound]
'Erdos745.WrapUp.Proofs.W02_KERNEL.result' depends on axioms: [propext, Classical.choice, Quot.sound]
'Erdos745.WrapUp.Proofs.W03_RATE.result' depends on axioms: [propext, Classical.choice, Quot.sound]
'Erdos745.WrapUp.Proofs.W04_TUPLES.result' depends on axioms: [propext, Classical.choice, Quot.sound]
'Erdos745.WrapUp.Proofs.W05_SUMS.result' depends on axioms: [propext, Classical.choice, Quot.sound]
'Erdos745.WrapUp.Proofs.W06_POISSON.result' depends on axioms: [propext, Classical.choice, Quot.sound]
'Erdos745.WrapUp.Proofs.W07_SUBCRIT.result' depends on axioms: [propext, Classical.choice, Quot.sound]
'Erdos745.WrapUp.Proofs.W08_CYCLIC.result' depends on axioms: [propext, Classical.choice, Quot.sound]
'Erdos745.WrapUp.Proofs.W09_TREE_MASS.result' depends on axioms: [propext, Classical.choice, Quot.sound]
'Erdos745.WrapUp.Proofs.W10_GIANT.result' depends on axioms: [propext, Classical.choice, Quot.sound]
'Erdos745.WrapUp.Proofs.W11_FIXED.result' depends on axioms: [propext, Classical.choice, Quot.sound]
'Erdos745.WrapUp.Proofs.W12_NEAR.result' depends on axioms: [propext, Classical.choice, Quot.sound]
'Erdos745.WrapUp.Proofs.W13_BROWNIAN.result' depends on axioms: [propext, Classical.choice, Quot.sound]
'Erdos745.WrapUp.Proofs.W14_EXPLORATION.result' depends on axioms: [propext, Classical.choice, Quot.sound]
'Erdos745.WrapUp.Proofs.W15_CRITICAL.result' depends on axioms: [propext, Classical.choice, Quot.sound]
