# Selected verifier output; compiler warnings omitted.
# Command: ./scripts/verify-comparator.sh --local
# Exit code: 0
# Full transcript SHA256: 2cf2cb1de533a75bb5d9bd7398706141c973847552615d2bd5852bc23b10a38a
WARNING: Sandbox disabled, this run is not trustworthy.
Resolving dependencies
Building Challenge
Build completed successfully (8932 jobs).
Exporting #[Quot, Quot.mk, Quot.lift, Quot.ind, Erdos745.Palomar.sparseEvolution, propext, Quot.sound, Classical.choice, Nat.add, Nat.sub, Nat.mul, Nat.pow, Nat.gcd, Nat.div, Nat.mod, Nat.beq, Nat.ble, Nat.land, Nat.lor, Nat.xor, Nat.shiftLeft, Nat.shiftRight, String.ofList, Char.ofNat, List, eagerReduce, Nat, String, String.mk, Char, optParam, autoParam, semiOutParam, outParam] from Challenge
Building Solution
Build completed successfully (9003 jobs).
Exporting #[Quot, Quot.mk, Quot.lift, Quot.ind, Erdos745.Palomar.sparseEvolution, propext, Quot.sound, Classical.choice, Nat.add, Nat.sub, Nat.mul, Nat.pow, Nat.gcd, Nat.div, Nat.mod, Nat.beq, Nat.ble, Nat.land, Nat.lor, Nat.xor, Nat.shiftLeft, Nat.shiftRight, String.ofList, Char.ofNat, List, eagerReduce, Nat, String, String.mk, Char, optParam, autoParam, semiOutParam, outParam] from Solution
Running con-ron kernel on solution
con-ron: 1 inductive blocks modelled in-process: Lean.Syntax (30 generated records, checked by the fold as declarations and not counted as records of the file)
con-ron: accepted 73872 declarations (--verified)
con-ron kernel accepts the solution
Running nanoda kernel on solution
nanoda kernel accepts the solution
Running Lean default kernel on solution
Lean default kernel accepts the solution
Your solution is okay!
