WARNING: Sandbox disabled, this run is not trustworthy.
Resolving dependencies
Building Challenge
⚠ [8931/8932] Replayed Challenge
warning: Challenge.lean:48:8: declaration uses `sorry`
Build completed successfully (8932 jobs).
Exporting #[Quot, Quot.mk, Quot.lift, Quot.ind, ErdosProblems.P732.Palomar.erdos732_yes, propext, Quot.sound, Classical.choice, Nat.add, Nat.sub, Nat.mul, Nat.pow, Nat.gcd, Nat.div, Nat.mod, Nat.beq, Nat.ble, Nat.land, Nat.lor, Nat.xor, Nat.shiftLeft, Nat.shiftRight, String.ofList, Char.ofNat, List, eagerReduce, Nat, String, String.mk, Char, optParam, autoParam, semiOutParam, outParam] from Challenge
Building Solution
⚠ [8931/8945] Replayed LeanProject.ErdosProblems.P732.Basic
warning: LeanProject/ErdosProblems/P732/Basic.lean:81:2: Try this: 
  letI̵

The goal is a proposition, so `let` is preferred over `letI`.
The difference between `let` and `letI` is that `letI` inlines the value.
But this is not relevant for proofs because of proof irrelevance.

Note: This linter can be disabled with `set_option linter.style.haveILetI false`
warning: LeanProject/ErdosProblems/P732/Basic.lean:82:2: Try this: 
  letI̵

The goal is a proposition, so `let` is preferred over `letI`.
The difference between `let` and `letI` is that `letI` inlines the value.
But this is not relevant for proofs because of proof irrelevance.

Note: This linter can be disabled with `set_option linter.style.haveILetI false`
⚠ [8934/8945] Replayed LeanProject.ErdosProblems.P732.Construction
warning: LeanProject/ErdosProblems/P732/Construction.lean:229:47: This simp argument is unused:
  List.get_eq_getElem

Hint: Omit it from the simp argument list.
  [apply] simp [alonLeftIndex, AlonList, Fin.cast]

Note: This linter can be disabled with `set_option linter.unusedSimpArgs false`
warning: LeanProject/ErdosProblems/P732/Construction.lean:288:47: This simp argument is unused:
  List.get_eq_getElem

Hint: Omit it from the simp argument list.
  [apply] simp [alonLeftIndex, AlonList, Fin.cast]

Note: This linter can be disabled with `set_option linter.unusedSimpArgs false`
⚠ [8936/8945] Replayed LeanProject.ErdosProblems.P732.Monotonicity
warning: LeanProject/ErdosProblems/P732/Monotonicity.lean:360:2: Try this: 
  letI̵

The goal is a proposition, so `let` is preferred over `letI`.
The difference between `let` and `letI` is that `letI` inlines the value.
But this is not relevant for proofs because of proof irrelevance.

Note: This linter can be disabled with `set_option linter.style.haveILetI false`
warning: LeanProject/ErdosProblems/P732/Monotonicity.lean:361:2: Try this: 
  letI̵

The goal is a proposition, so `let` is preferred over `letI`.
The difference between `let` and `letI` is that `letI` inlines the value.
But this is not relevant for proofs because of proof irrelevance.

Note: This linter can be disabled with `set_option linter.style.haveILetI false`
⚠ [8937/8945] Replayed LeanProject.ErdosProblems.P732.FiniteFieldCard
warning: LeanProject/ErdosProblems/P732/FiniteFieldCard.lean:33:2: Try this: 
  haveI̵

The goal is a proposition, so `have` is preferred over `haveI`.
The difference between `have` and `haveI` is that `haveI` inlines the value.
But this is not relevant for proofs because of proof irrelevance.

Note: This linter can be disabled with `set_option linter.style.haveILetI false`
warning: LeanProject/ErdosProblems/P732/FiniteFieldCard.lean:35:2: Try this: 
  haveI̵

The goal is a proposition, so `have` is preferred over `haveI`.
The difference between `have` and `haveI` is that `haveI` inlines the value.
But this is not relevant for proofs because of proof irrelevance.

Note: This linter can be disabled with `set_option linter.style.haveILetI false`
⚠ [8939/8945] Replayed LeanProject.ErdosProblems.P732.ProjectivePlane.Cardinality
warning: LeanProject/ErdosProblems/P732/ProjectivePlane/Cardinality.lean:26:2: Try this: 
  haveI̵

The goal is a proposition, so `have` is preferred over `haveI`.
The difference between `have` and `haveI` is that `haveI` inlines the value.
But this is not relevant for proofs because of proof irrelevance.

Note: This linter can be disabled with `set_option linter.style.haveILetI false`
warning: LeanProject/ErdosProblems/P732/ProjectivePlane/Cardinality.lean:45:2: Try this: 
  letI̵

The goal is a proposition, so `let` is preferred over `letI`.
The difference between `let` and `letI` is that `letI` inlines the value.
But this is not relevant for proofs because of proof irrelevance.

Note: This linter can be disabled with `set_option linter.style.haveILetI false`
warning: LeanProject/ErdosProblems/P732/ProjectivePlane/Cardinality.lean:52:2: Try this: 
  letI̵

The goal is a proposition, so `let` is preferred over `letI`.
The difference between `let` and `letI` is that `letI` inlines the value.
But this is not relevant for proofs because of proof irrelevance.

Note: This linter can be disabled with `set_option linter.style.haveILetI false`
⚠ [8940/8945] Replayed LeanProject.ErdosProblems.P732.ProjectivePlane.IndexedLines
warning: LeanProject/ErdosProblems/P732/ProjectivePlane/IndexedLines.lean:22:2: Try this: 
  haveI̵

The goal is a proposition, so `have` is preferred over `haveI`.
The difference between `have` and `haveI` is that `haveI` inlines the value.
But this is not relevant for proofs because of proof irrelevance.

Note: This linter can be disabled with `set_option linter.style.haveILetI false`
warning: LeanProject/ErdosProblems/P732/ProjectivePlane/IndexedLines.lean:23:2: Try this: 
  haveI̵

The goal is a proposition, so `have` is preferred over `haveI`.
The difference between `have` and `haveI` is that `haveI` inlines the value.
But this is not relevant for proofs because of proof irrelevance.

Note: This linter can be disabled with `set_option linter.style.haveILetI false`
warning: LeanProject/ErdosProblems/P732/ProjectivePlane/IndexedLines.lean:68:2: Try this: 
  haveI̵

The goal is a proposition, so `have` is preferred over `haveI`.
The difference between `have` and `haveI` is that `haveI` inlines the value.
But this is not relevant for proofs because of proof irrelevance.

Note: This linter can be disabled with `set_option linter.style.haveILetI false`
⚠ [8942/8945] Replayed LeanProject.ErdosProblems.P732.ProjectivePlanePrimePower
warning: LeanProject/ErdosProblems/P732/ProjectivePlanePrimePower.lean:35:2: Try this: 
  letI̵

The goal is a proposition, so `let` is preferred over `letI`.
The difference between `let` and `letI` is that `letI` inlines the value.
But this is not relevant for proofs because of proof irrelevance.

Note: This linter can be disabled with `set_option linter.style.haveILetI false`
warning: LeanProject/ErdosProblems/P732/ProjectivePlanePrimePower.lean:36:2: Try this: 
  letI̵

The goal is a proposition, so `let` is preferred over `letI`.
The difference between `let` and `letI` is that `letI` inlines the value.
But this is not relevant for proofs because of proof irrelevance.

Note: This linter can be disabled with `set_option linter.style.haveILetI false`
warning: LeanProject/ErdosProblems/P732/ProjectivePlanePrimePower.lean:37:2: Try this: 
  letI̵

The goal is a proposition, so `let` is preferred over `letI`.
The difference between `let` and `letI` is that `letI` inlines the value.
But this is not relevant for proofs because of proof irrelevance.

Note: This linter can be disabled with `set_option linter.style.haveILetI false`
⚠ [8943/8945] Replayed LeanProject.ErdosProblems.P732.LowerBound
warning: LeanProject/ErdosProblems/P732/LowerBound.lean:78:2: Try this: 
  letI̵

The goal is a proposition, so `let` is preferred over `letI`.
The difference between `let` and `letI` is that `letI` inlines the value.
But this is not relevant for proofs because of proof irrelevance.

Note: This linter can be disabled with `set_option linter.style.haveILetI false`
warning: LeanProject/ErdosProblems/P732/LowerBound.lean:79:2: Try this: 
  letI̵

The goal is a proposition, so `let` is preferred over `letI`.
The difference between `let` and `letI` is that `letI` inlines the value.
But this is not relevant for proofs because of proof irrelevance.

Note: This linter can be disabled with `set_option linter.style.haveILetI false`
Build completed successfully (8945 jobs).
Exporting #[Quot, Quot.mk, Quot.lift, Quot.ind, ErdosProblems.P732.Palomar.erdos732_yes, propext, Quot.sound, Classical.choice, Nat.add, Nat.sub, Nat.mul, Nat.pow, Nat.gcd, Nat.div, Nat.mod, Nat.beq, Nat.ble, Nat.land, Nat.lor, Nat.xor, Nat.shiftLeft, Nat.shiftRight, String.ofList, Char.ofNat, List, eagerReduce, Nat, String, String.mk, Char, optParam, autoParam, semiOutParam, outParam] from Solution
Running con-ron kernel on solution
con-ron: 1 inductive blocks modelled in-process: Lean.Syntax (30 generated records, checked by the fold as declarations and not counted as records of the file)
con-ron: accepted 43703 declarations (--verified)
con-ron kernel accepts the solution
Running nanoda kernel on solution
nanoda kernel accepts the solution
Running Lean default kernel on solution
Lean default kernel accepts the solution
Your solution is okay!
